// Jest Snapshot v1, https://jestjs.io/docs/snapshot-testing

exports[`Login Flow Snapshot Testing POST /login with correct username & password 1`] = `
{
  "body": {
    "sessionId": undefined,
    "timestamp": "<DYNAMIC>",
  },
  "status": 404,
}
`;

exports[`Login Flow Snapshot Testing POST /login with missing password 1`] = `
{
  "body": {
    "sessionId": undefined,
    "timestamp": "<DYNAMIC>",
  },
  "status": 404,
}
`;

exports[`Login Flow Snapshot Testing POST /login with missing username 1`] = `
{
  "body": {
    "sessionId": undefined,
    "timestamp": "<DYNAMIC>",
  },
  "status": 404,
}
`;

exports[`Login Flow Snapshot Testing POST /login with wrong password 1`] = `
{
  "body": {
    "sessionId": undefined,
    "timestamp": "<DYNAMIC>",
  },
  "status": 404,
}
`;
